// Jest Snapshot v1, https://goo.gl/fbAQLP

exports[`renders correctly 1`] = `
<View
  style={
    Object {
      "backgroundColor": "#fff",
      "flex": 1,
      "padding": 10,
    }
  }
>
  <Text>
    Date
  </Text>
  <TextInput
    allowFontScaling={true}
    onChangeText={[Function]}
    placeholder="DD/MM/YYYY"
    rejectResponderTermination={true}
    style={
      Object {
        "borderWidth": 1,
        "height": 40,
        "marginBottom": 10,
        "padding": 5,
      }
    }
    underlineColorAndroid="transparent"
    value=""
  />
  <Text>
    Time
  </Text>
  <TextInput
    allowFontScaling={true}
    onChangeText={[Function]}
    placeholder="hh:mm:ss"
    rejectResponderTermination={true}
    style={
      Object {
        "borderWidth": 1,
        "height": 40,
        "marginBottom": 10,
        "padding": 5,
      }
    }
    underlineColorAndroid="transparent"
    value=""
  />
  <Text>
    Workload Rating
  </Text>
  <TextInput
    allowFontScaling={true}
    keyboardType="number-pad"
    onChangeText={[Function]}
    placeholder="0-5"
    rejectResponderTermination={true}
    style={
      Object {
        "borderWidth": 1,
        "height": 40,
        "marginBottom": 10,
        "padding": 5,
      }
    }
    underlineColorAndroid="transparent"
    value=""
  />
  <Text>
    Summary
  </Text>
  <TextInput
    allowFontScaling={true}
    onChangeText={[Function]}
    placeholder="Summary of task"
    rejectResponderTermination={true}
    style={
      Object {
        "borderWidth": 1,
        "height": 40,
        "marginBottom": 10,
        "padding": 5,
      }
    }
    underlineColorAndroid="transparent"
    value=""
  />
  <View
    accessible={true}
    focusable={true}
    onClick={[Function]}
    onResponderGrant={[Function]}
    onResponderMove={[Function]}
    onResponderRelease={[Function]}
    onResponderTerminate={[Function]}
    onResponderTerminationRequest={[Function]}
    onStartShouldSetResponder={[Function]}
    style={
      Object {
        "opacity": 1,
      }
    }
  >
    <View
      style={
        Object {
          "backgroundColor": "#5863F8",
          "borderRadius": 7,
          "marginVertical": 5,
          "paddingHorizontal": 10,
          "paddingVertical": 10,
          "shadowColor": "#000",
          "shadowOffset": Object {
            "height": 0,
            "width": 0,
          },
          "shadowOpacity": 1,
          "shadowRadius": 1,
        }
      }
    >
      <Text
        style={
          Object {
            "color": "#fff",
            "fontSize": 16,
            "fontWeight": "bold",
            "textAlign": "center",
            "textTransform": "uppercase",
          }
        }
      >
        Submit
      </Text>
    </View>
  </View>
</View>
`;
