// Jest Snapshot v1, https://goo.gl/fbAQLP

exports[`renders isa correctly 1`] = `
<View
  style={
    Object {
      "flex": 1,
      "padding": 20,
    }
  }
>
  <Text>
    Mental Workload - 7 Days
  </Text>
  <View
    style={
      Object {
        "borderRadius": 10,
        "elevation": 5,
        "shadowColor": "#000",
        "shadowOffset": Object {
          "height": 2,
          "width": 0,
        },
        "shadowOpacity": 1,
        "shadowRadius": 2,
      }
    }
  >
    <RNSVGSvgView
      bbHeight={253}
      bbWidth={710}
      focusable={false}
      height={253}
      style={
        Array [
          Object {
            "backgroundColor": "transparent",
            "borderWidth": 0,
          },
          Object {
            "flex": 0,
            "height": 253,
            "width": 710,
          },
        ]
      }
      width={710}
    >
      <RNSVGGroup>
        <RNSVGRect
          fill={
            Array [
              1,
              "backgroundGradient",
            ]
          }
          fillOpacity={1}
          height={253}
          propList={
            Array [
              "fill",
              "fillOpacity",
            ]
          }
          rx={10}
          ry={10}
          width="100%"
          x={0}
          y={0}
        />
        <RNSVGGroup>
          <RNSVGRect
            fill={3860075540}
            height={16}
            propList={
              Array [
                "fill",
              ]
            }
            rx={8}
            ry={8}
            width={16}
            x={294}
            y={8.5}
          />
          <RNSVGText
            content={null}
            dx={Array []}
            dy={Array []}
            fill={3422552064}
            font={
              Object {
                "fontSize": 12,
              }
            }
            propList={
              Array [
                "fill",
              ]
            }
            rotate={Array []}
            x={
              Array [
                314,
              ]
            }
            y={
              Array [
                21.45,
              ]
            }
          >
            <RNSVGTSpan
              content="Mental Workload"
              dx={Array []}
              dy={Array []}
              font={Object {}}
              rotate={Array []}
              x={Array []}
              y={Array []}
            />
          </RNSVGText>
        </RNSVGGroup>
        <RNSVGGroup
          matrix={
            Array [
              1,
              0,
              -0,
              1,
              0,
              33,
            ]
          }
        >
          <RNSVGDefs>
            <RNSVGLinearGradient
              gradient={
                Array [
                  0,
                  -1,
                  1,
                  -1,
                ]
              }
              gradientTransform={null}
              gradientUnits={1}
              name="backgroundGradient"
              x1={0}
              x2={710}
              y1={220}
              y2={0}
            />
            <RNSVGLinearGradient
              gradient={
                Array [
                  0,
                  436207616,
                  1,
                  0,
                ]
              }
              gradientTransform={null}
              gradientUnits={1}
              name="fillShadowGradient"
              x1={0}
              x2={0}
              y1={0}
              y2={220}
            />
          </RNSVGDefs>
          <RNSVGGroup>
            <RNSVGLine
              propList={
                Array [
                  "stroke",
                  "strokeWidth",
                  "strokeDasharray",
                ]
              }
              stroke={855638016}
              strokeDasharray={
                Array [
                  "5",
                  "10",
                ]
              }
              strokeWidth={1}
              x1={64}
              x2={710}
              y1={16}
              y2={16}
            />
            <RNSVGLine
              propList={
                Array [
                  "stroke",
                  "strokeWidth",
                  "strokeDasharray",
                ]
              }
              stroke={855638016}
              strokeDasharray={
                Array [
                  "5",
                  "10",
                ]
              }
              strokeWidth={1}
              x1={64}
              x2={710}
              y1={57.25}
              y2={57.25}
            />
            <RNSVGLine
              propList={
                Array [
                  "stroke",
                  "strokeWidth",
                  "strokeDasharray",
                ]
              }
              stroke={855638016}
              strokeDasharray={
                Array [
                  "5",
                  "10",
                ]
              }
              strokeWidth={1}
              x1={64}
              x2={710}
              y1={98.5}
              y2={98.5}
            />
            <RNSVGLine
              propList={
                Array [
                  "stroke",
                  "strokeWidth",
                  "strokeDasharray",
                ]
              }
              stroke={855638016}
              strokeDasharray={
                Array [
                  "5",
                  "10",
                ]
              }
              strokeWidth={1}
              x1={64}
              x2={710}
              y1={139.75}
              y2={139.75}
            />
            <RNSVGLine
              propList={
                Array [
                  "stroke",
                  "strokeWidth",
                  "strokeDasharray",
                ]
              }
              stroke={855638016}
              strokeDasharray={
                Array [
                  "5",
                  "10",
                ]
              }
              strokeWidth={1}
              x1={64}
              x2={710}
              y1={181}
              y2={181}
            />
          </RNSVGGroup>
          <RNSVGGroup>
            <RNSVGText
              content={null}
              dx={Array []}
              dy={Array []}
              fill={3422552064}
              font={
                Object {
                  "fontSize": 12,
                  "textAnchor": "end",
                }
              }
              matrix={
                Array [
                  1,
                  0,
                  -0,
                  1,
                  0,
                  0,
                ]
              }
              propList={
                Array [
                  "fill",
                ]
              }
              rotate={Array []}
              x={
                Array [
                  52,
                ]
              }
              y={
                Array [
                  181,
                ]
              }
            >
              <RNSVGTSpan
                content="1"
                dx={Array []}
                dy={Array []}
                font={Object {}}
                rotate={Array []}
                x={Array []}
                y={Array []}
              />
            </RNSVGText>
            <RNSVGText
              content={null}
              dx={Array []}
              dy={Array []}
              fill={3422552064}
              font={
                Object {
                  "fontSize": 12,
                  "textAnchor": "end",
                }
              }
              matrix={
                Array [
                  1,
                  0,
                  -0,
                  1,
                  0,
                  0,
                ]
              }
              propList={
                Array [
                  "fill",
                ]
              }
              rotate={Array []}
              x={
                Array [
                  52,
                ]
              }
              y={
                Array [
                  139.75,
                ]
              }
            >
              <RNSVGTSpan
                content="2"
                dx={Array []}
                dy={Array []}
                font={Object {}}
                rotate={Array []}
                x={Array []}
                y={Array []}
              />
            </RNSVGText>
            <RNSVGText
              content={null}
              dx={Array []}
              dy={Array []}
              fill={3422552064}
              font={
                Object {
                  "fontSize": 12,
                  "textAnchor": "end",
                }
              }
              matrix={
                Array [
                  1,
                  0,
                  -0,
                  1,
                  0,
                  0,
                ]
              }
              propList={
                Array [
                  "fill",
                ]
              }
              rotate={Array []}
              x={
                Array [
                  52,
                ]
              }
              y={
                Array [
                  98.5,
                ]
              }
            >
              <RNSVGTSpan
                content="3"
                dx={Array []}
                dy={Array []}
                font={Object {}}
                rotate={Array []}
                x={Array []}
                y={Array []}
              />
            </RNSVGText>
            <RNSVGText
              content={null}
              dx={Array []}
              dy={Array []}
              fill={3422552064}
              font={
                Object {
                  "fontSize": 12,
                  "textAnchor": "end",
                }
              }
              matrix={
                Array [
                  1,
                  0,
                  -0,
                  1,
                  0,
                  0,
                ]
              }
              propList={
                Array [
                  "fill",
                ]
              }
              rotate={Array []}
              x={
                Array [
                  52,
                ]
              }
              y={
                Array [
                  57.25,
                ]
              }
            >
              <RNSVGTSpan
                content="4"
                dx={Array []}
                dy={Array []}
                font={Object {}}
                rotate={Array []}
                x={Array []}
                y={Array []}
              />
            </RNSVGText>
            <RNSVGText
              content={null}
              dx={Array []}
              dy={Array []}
              fill={3422552064}
              font={
                Object {
                  "fontSize": 12,
                  "textAnchor": "end",
                }
              }
              matrix={
                Array [
                  1,
                  0,
                  -0,
                  1,
                  0,
                  0,
                ]
              }
              propList={
                Array [
                  "fill",
                ]
              }
              rotate={Array []}
              x={
                Array [
                  52,
                ]
              }
              y={
                Array [
                  16,
                ]
              }
            >
              <RNSVGTSpan
                content="5"
                dx={Array []}
                dy={Array []}
                font={Object {}}
                rotate={Array []}
                x={Array []}
                y={Array []}
              />
            </RNSVGText>
          </RNSVGGroup>
          <RNSVGGroup>
            <RNSVGLine
              propList={
                Array [
                  "stroke",
                  "strokeWidth",
                  "strokeDasharray",
                ]
              }
              stroke={855638016}
              strokeDasharray={
                Array [
                  "5",
                  "10",
                ]
              }
              strokeWidth={1}
              x1={64}
              x2={64}
              y1={0}
              y2={181}
            />
            <RNSVGLine
              propList={
                Array [
                  "stroke",
                  "strokeWidth",
                  "strokeDasharray",
                ]
              }
              stroke={855638016}
              strokeDasharray={
                Array [
                  "5",
                  "10",
                ]
              }
              strokeWidth={1}
              x1={156}
              x2={156}
              y1={0}
              y2={181}
            />
            <RNSVGLine
              propList={
                Array [
                  "stroke",
                  "strokeWidth",
                  "strokeDasharray",
                ]
              }
              stroke={855638016}
              strokeDasharray={
                Array [
                  "5",
                  "10",
                ]
              }
              strokeWidth={1}
              x1={248}
              x2={248}
              y1={0}
              y2={181}
            />
            <RNSVGLine
              propList={
                Array [
                  "stroke",
                  "strokeWidth",
                  "strokeDasharray",
                ]
              }
              stroke={855638016}
              strokeDasharray={
                Array [
                  "5",
                  "10",
                ]
              }
              strokeWidth={1}
              x1={340}
              x2={340}
              y1={0}
              y2={181}
            />
            <RNSVGLine
              propList={
                Array [
                  "stroke",
                  "strokeWidth",
                  "strokeDasharray",
                ]
              }
              stroke={855638016}
              strokeDasharray={
                Array [
                  "5",
                  "10",
                ]
              }
              strokeWidth={1}
              x1={433}
              x2={433}
              y1={0}
              y2={181}
            />
            <RNSVGLine
              propList={
                Array [
                  "stroke",
                  "strokeWidth",
                  "strokeDasharray",
                ]
              }
              stroke={855638016}
              strokeDasharray={
                Array [
                  "5",
                  "10",
                ]
              }
              strokeWidth={1}
              x1={525}
              x2={525}
              y1={0}
              y2={181}
            />
            <RNSVGLine
              propList={
                Array [
                  "stroke",
                  "strokeWidth",
                  "strokeDasharray",
                ]
              }
              stroke={855638016}
              strokeDasharray={
                Array [
                  "5",
                  "10",
                ]
              }
              strokeWidth={1}
              x1={617}
              x2={617}
              y1={0}
              y2={181}
            />
          </RNSVGGroup>
          <RNSVGGroup>
            <RNSVGText
              content={null}
              dx={Array []}
              dy={Array []}
              fill={3422552064}
              font={
                Object {
                  "fontSize": 12,
                  "textAnchor": "middle",
                }
              }
              matrix={
                Array [
                  1,
                  0,
                  -0,
                  1,
                  0,
                  0,
                ]
              }
              propList={
                Array [
                  "fill",
                ]
              }
              rotate={Array []}
              x={
                Array [
                  64,
                ]
              }
              y={
                Array [
                  205,
                ]
              }
            >
              <RNSVGTSpan
                content="Mon"
                dx={Array []}
                dy={Array []}
                font={Object {}}
                rotate={Array []}
                x={Array []}
                y={Array []}
              />
            </RNSVGText>
            <RNSVGText
              content={null}
              dx={Array []}
              dy={Array []}
              fill={3422552064}
              font={
                Object {
                  "fontSize": 12,
                  "textAnchor": "middle",
                }
              }
              matrix={
                Array [
                  1,
                  0,
                  -0,
                  1,
                  0,
                  0,
                ]
              }
              propList={
                Array [
                  "fill",
                ]
              }
              rotate={Array []}
              x={
                Array [
                  156.28571428571428,
                ]
              }
              y={
                Array [
                  205,
                ]
              }
            >
              <RNSVGTSpan
                content="Tues"
                dx={Array []}
                dy={Array []}
                font={Object {}}
                rotate={Array []}
                x={Array []}
                y={Array []}
              />
            </RNSVGText>
            <RNSVGText
              content={null}
              dx={Array []}
              dy={Array []}
              fill={3422552064}
              font={
                Object {
                  "fontSize": 12,
                  "textAnchor": "middle",
                }
              }
              matrix={
                Array [
                  1,
                  0,
                  -0,
                  1,
                  0,
                  0,
                ]
              }
              propList={
                Array [
                  "fill",
                ]
              }
              rotate={Array []}
              x={
                Array [
                  248.57142857142858,
                ]
              }
              y={
                Array [
                  205,
                ]
              }
            >
              <RNSVGTSpan
                content="Weds"
                dx={Array []}
                dy={Array []}
                font={Object {}}
                rotate={Array []}
                x={Array []}
                y={Array []}
              />
            </RNSVGText>
            <RNSVGText
              content={null}
              dx={Array []}
              dy={Array []}
              fill={3422552064}
              font={
                Object {
                  "fontSize": 12,
                  "textAnchor": "middle",
                }
              }
              matrix={
                Array [
                  1,
                  0,
                  -0,
                  1,
                  0,
                  0,
                ]
              }
              propList={
                Array [
                  "fill",
                ]
              }
              rotate={Array []}
              x={
                Array [
                  340.8571428571429,
                ]
              }
              y={
                Array [
                  205,
                ]
              }
            >
              <RNSVGTSpan
                content="Thurs"
                dx={Array []}
                dy={Array []}
                font={Object {}}
                rotate={Array []}
                x={Array []}
                y={Array []}
              />
            </RNSVGText>
            <RNSVGText
              content={null}
              dx={Array []}
              dy={Array []}
              fill={3422552064}
              font={
                Object {
                  "fontSize": 12,
                  "textAnchor": "middle",
                }
              }
              matrix={
                Array [
                  1,
                  0,
                  -0,
                  1,
                  0,
                  0,
                ]
              }
              propList={
                Array [
                  "fill",
                ]
              }
              rotate={Array []}
              x={
                Array [
                  433.14285714285717,
                ]
              }
              y={
                Array [
                  205,
                ]
              }
            >
              <RNSVGTSpan
                content="Fri"
                dx={Array []}
                dy={Array []}
                font={Object {}}
                rotate={Array []}
                x={Array []}
                y={Array []}
              />
            </RNSVGText>
            <RNSVGText
              content={null}
              dx={Array []}
              dy={Array []}
              fill={3422552064}
              font={
                Object {
                  "fontSize": 12,
                  "textAnchor": "middle",
                }
              }
              matrix={
                Array [
                  1,
                  0,
                  -0,
                  1,
                  0,
                  0,
                ]
              }
              propList={
                Array [
                  "fill",
                ]
              }
              rotate={Array []}
              x={
                Array [
                  525.4285714285714,
                ]
              }
              y={
                Array [
                  205,
                ]
              }
            >
              <RNSVGTSpan
                content="Sat"
                dx={Array []}
                dy={Array []}
                font={Object {}}
                rotate={Array []}
                x={Array []}
                y={Array []}
              />
            </RNSVGText>
            <RNSVGText
              content={null}
              dx={Array []}
              dy={Array []}
              fill={3422552064}
              font={
                Object {
                  "fontSize": 12,
                  "textAnchor": "middle",
                }
              }
              matrix={
                Array [
                  1,
                  0,
                  -0,
                  1,
                  0,
                  0,
                ]
              }
              propList={
                Array [
                  "fill",
                ]
              }
              rotate={Array []}
              x={
                Array [
                  617.7142857142858,
                ]
              }
              y={
                Array [
                  205,
                ]
              }
            >
              <RNSVGTSpan
                content="Sun"
                dx={Array []}
                dy={Array []}
                font={Object {}}
                rotate={Array []}
                x={Array []}
                y={Array []}
              />
            </RNSVGText>
          </RNSVGGroup>
          <RNSVGGroup>
            <RNSVGPath
              d="M64,181 Q 87, 181, 110, 160 Q 133, 139, 156, 139 Q 179, 139, 202, 77.5 Q 225, 16, 248, 16 Q 271, 16, 294, 77.5 Q 317, 139, 340, 139 Q 363.25, 139, 386.5, 160 Q 409.75, 181, 433, 181 Q 456, 181, 479, 160 Q 502, 139, 525, 139 Q 548, 139, 571, 160 Q 594, 181, 617, 181"
              fill={null}
              propList={
                Array [
                  "fill",
                  "stroke",
                  "strokeWidth",
                ]
              }
              stroke={856953876}
              strokeWidth={2}
            />
          </RNSVGGroup>
          <RNSVGGroup>
            <RNSVGPath
              d="M64,181 Q 87, 181, 110, 160 Q 133, 139, 156, 139 Q 179, 139, 202, 77.5 Q 225, 16, 248, 16 Q 271, 16, 294, 77.5 Q 317, 139, 340, 139 Q 363.25, 139, 386.5, 160 Q 409.75, 181, 433, 181 Q 456, 181, 479, 160 Q 502, 139, 525, 139 Q 548, 139, 571, 160 Q 594, 181, 617, 181 L617.7142857142858,181 L64,181 Z"
              fill={
                Array [
                  1,
                  "fillShadowGradient",
                ]
              }
              propList={
                Array [
                  "fill",
                  "strokeWidth",
                ]
              }
              strokeWidth={0}
            />
          </RNSVGGroup>
          <RNSVGGroup>
            <RNSVGCircle
              cx={64}
              cy={181}
              fill={3860075540}
              onResponderGrant={[Function]}
              onResponderMove={[Function]}
              onResponderRelease={[Function]}
              onResponderTerminate={[Function]}
              onResponderTerminationRequest={[Function]}
              onStartShouldSetResponder={[Function]}
              propList={
                Array [
                  "fill",
                ]
              }
              r="4"
              responsible={true}
            />
            <RNSVGCircle
              cx={64}
              cy={181}
              fill={4294967295}
              fillOpacity={0}
              onResponderGrant={[Function]}
              onResponderMove={[Function]}
              onResponderRelease={[Function]}
              onResponderTerminate={[Function]}
              onResponderTerminationRequest={[Function]}
              onStartShouldSetResponder={[Function]}
              propList={
                Array [
                  "fill",
                  "fillOpacity",
                ]
              }
              r="14"
              responsible={true}
            />
            <RNSVGCircle
              cx={156.28571428571428}
              cy={139.75}
              fill={3860075540}
              onResponderGrant={[Function]}
              onResponderMove={[Function]}
              onResponderRelease={[Function]}
              onResponderTerminate={[Function]}
              onResponderTerminationRequest={[Function]}
              onStartShouldSetResponder={[Function]}
              propList={
                Array [
                  "fill",
                ]
              }
              r="4"
              responsible={true}
            />
            <RNSVGCircle
              cx={156.28571428571428}
              cy={139.75}
              fill={4294967295}
              fillOpacity={0}
              onResponderGrant={[Function]}
              onResponderMove={[Function]}
              onResponderRelease={[Function]}
              onResponderTerminate={[Function]}
              onResponderTerminationRequest={[Function]}
              onStartShouldSetResponder={[Function]}
              propList={
                Array [
                  "fill",
                  "fillOpacity",
                ]
              }
              r="14"
              responsible={true}
            />
            <RNSVGCircle
              cx={248.57142857142858}
              cy={16}
              fill={3860075540}
              onResponderGrant={[Function]}
              onResponderMove={[Function]}
              onResponderRelease={[Function]}
              onResponderTerminate={[Function]}
              onResponderTerminationRequest={[Function]}
              onStartShouldSetResponder={[Function]}
              propList={
                Array [
                  "fill",
                ]
              }
              r="4"
              responsible={true}
            />
            <RNSVGCircle
              cx={248.57142857142858}
              cy={16}
              fill={4294967295}
              fillOpacity={0}
              onResponderGrant={[Function]}
              onResponderMove={[Function]}
              onResponderRelease={[Function]}
              onResponderTerminate={[Function]}
              onResponderTerminationRequest={[Function]}
              onStartShouldSetResponder={[Function]}
              propList={
                Array [
                  "fill",
                  "fillOpacity",
                ]
              }
              r="14"
              responsible={true}
            />
            <RNSVGCircle
              cx={340.85714285714283}
              cy={139.75}
              fill={3860075540}
              onResponderGrant={[Function]}
              onResponderMove={[Function]}
              onResponderRelease={[Function]}
              onResponderTerminate={[Function]}
              onResponderTerminationRequest={[Function]}
              onStartShouldSetResponder={[Function]}
              propList={
                Array [
                  "fill",
                ]
              }
              r="4"
              responsible={true}
            />
            <RNSVGCircle
              cx={340.85714285714283}
              cy={139.75}
              fill={4294967295}
              fillOpacity={0}
              onResponderGrant={[Function]}
              onResponderMove={[Function]}
              onResponderRelease={[Function]}
              onResponderTerminate={[Function]}
              onResponderTerminationRequest={[Function]}
              onStartShouldSetResponder={[Function]}
              propList={
                Array [
                  "fill",
                  "fillOpacity",
                ]
              }
              r="14"
              responsible={true}
            />
            <RNSVGCircle
              cx={433.14285714285717}
              cy={181}
              fill={3860075540}
              onResponderGrant={[Function]}
              onResponderMove={[Function]}
              onResponderRelease={[Function]}
              onResponderTerminate={[Function]}
              onResponderTerminationRequest={[Function]}
              onStartShouldSetResponder={[Function]}
              propList={
                Array [
                  "fill",
                ]
              }
              r="4"
              responsible={true}
            />
            <RNSVGCircle
              cx={433.14285714285717}
              cy={181}
              fill={4294967295}
              fillOpacity={0}
              onResponderGrant={[Function]}
              onResponderMove={[Function]}
              onResponderRelease={[Function]}
              onResponderTerminate={[Function]}
              onResponderTerminationRequest={[Function]}
              onStartShouldSetResponder={[Function]}
              propList={
                Array [
                  "fill",
                  "fillOpacity",
                ]
              }
              r="14"
              responsible={true}
            />
            <RNSVGCircle
              cx={525.4285714285714}
              cy={139.75}
              fill={3860075540}
              onResponderGrant={[Function]}
              onResponderMove={[Function]}
              onResponderRelease={[Function]}
              onResponderTerminate={[Function]}
              onResponderTerminationRequest={[Function]}
              onStartShouldSetResponder={[Function]}
              propList={
                Array [
                  "fill",
                ]
              }
              r="4"
              responsible={true}
            />
            <RNSVGCircle
              cx={525.4285714285714}
              cy={139.75}
              fill={4294967295}
              fillOpacity={0}
              onResponderGrant={[Function]}
              onResponderMove={[Function]}
              onResponderRelease={[Function]}
              onResponderTerminate={[Function]}
              onResponderTerminationRequest={[Function]}
              onStartShouldSetResponder={[Function]}
              propList={
                Array [
                  "fill",
                  "fillOpacity",
                ]
              }
              r="14"
              responsible={true}
            />
            <RNSVGCircle
              cx={617.7142857142857}
              cy={181}
              fill={3860075540}
              onResponderGrant={[Function]}
              onResponderMove={[Function]}
              onResponderRelease={[Function]}
              onResponderTerminate={[Function]}
              onResponderTerminationRequest={[Function]}
              onStartShouldSetResponder={[Function]}
              propList={
                Array [
                  "fill",
                ]
              }
              r="4"
              responsible={true}
            />
            <RNSVGCircle
              cx={617.7142857142857}
              cy={181}
              fill={4294967295}
              fillOpacity={0}
              onResponderGrant={[Function]}
              onResponderMove={[Function]}
              onResponderRelease={[Function]}
              onResponderTerminate={[Function]}
              onResponderTerminationRequest={[Function]}
              onStartShouldSetResponder={[Function]}
              propList={
                Array [
                  "fill",
                  "fillOpacity",
                ]
              }
              r="14"
              responsible={true}
            />
          </RNSVGGroup>
          <RNSVGGroup />
          <RNSVGGroup />
        </RNSVGGroup>
      </RNSVGGroup>
    </RNSVGSvgView>
  </View>
</View>
`;
