// Jest Snapshot v1, https://goo.gl/fbAQLP

exports[`renders correctly 1`] = `
<View
  style={
    Object {
      "backgroundColor": "#fff",
      "flex": 1,
      "padding": 15,
    }
  }
>
  <RCTScrollView
    showsVerticalScrollIndicator={false}
  >
    <View>
      <View
        style={
          Object {
            "flexDirection": "row",
            "justifyContent": "space-evenly",
          }
        }
      >
        <View
          accessible={true}
          focusable={true}
          onClick={[Function]}
          onResponderGrant={[Function]}
          onResponderMove={[Function]}
          onResponderRelease={[Function]}
          onResponderTerminate={[Function]}
          onResponderTerminationRequest={[Function]}
          onStartShouldSetResponder={[Function]}
          style={
            Object {
              "opacity": 1,
            }
          }
        >
          <View
            style={
              Object {
                "backgroundColor": "#0043ff",
                "borderRadius": 7,
                "marginVertical": 5,
                "paddingHorizontal": 10,
                "paddingVertical": 10,
                "shadowColor": "#000",
                "shadowOffset": Object {
                  "height": 0,
                  "width": 0,
                },
                "shadowOpacity": 1,
                "shadowRadius": 1,
              }
            }
          >
            <Text
              style={
                Object {
                  "color": "#fff",
                  "fontSize": 16,
                  "fontWeight": "bold",
                  "textAlign": "center",
                  "textTransform": "uppercase",
                }
              }
            >
              'From' date
            </Text>
          </View>
        </View>
        <View
          accessible={true}
          focusable={true}
          onClick={[Function]}
          onResponderGrant={[Function]}
          onResponderMove={[Function]}
          onResponderRelease={[Function]}
          onResponderTerminate={[Function]}
          onResponderTerminationRequest={[Function]}
          onStartShouldSetResponder={[Function]}
          style={
            Object {
              "opacity": 1,
            }
          }
        >
          <View
            style={
              Object {
                "backgroundColor": "#0043ff",
                "borderRadius": 7,
                "marginVertical": 5,
                "paddingHorizontal": 10,
                "paddingVertical": 10,
                "shadowColor": "#000",
                "shadowOffset": Object {
                  "height": 0,
                  "width": 0,
                },
                "shadowOpacity": 1,
                "shadowRadius": 1,
              }
            }
          >
            <Text
              style={
                Object {
                  "color": "#fff",
                  "fontSize": 16,
                  "fontWeight": "bold",
                  "textAlign": "center",
                  "textTransform": "uppercase",
                }
              }
            >
              'To' date
            </Text>
          </View>
        </View>
      </View>
      <View
        accessible={true}
        focusable={true}
        onClick={[Function]}
        onResponderGrant={[Function]}
        onResponderMove={[Function]}
        onResponderRelease={[Function]}
        onResponderTerminate={[Function]}
        onResponderTerminationRequest={[Function]}
        onStartShouldSetResponder={[Function]}
        style={
          Object {
            "opacity": 1,
          }
        }
      >
        <View
          style={
            Object {
              "backgroundColor": "#0043ff",
              "borderRadius": 7,
              "marginVertical": 5,
              "paddingHorizontal": 10,
              "paddingVertical": 10,
              "shadowColor": "#000",
              "shadowOffset": Object {
                "height": 0,
                "width": 0,
              },
              "shadowOpacity": 1,
              "shadowRadius": 1,
            }
          }
        >
          <Text
            style={
              Object {
                "color": "#fff",
                "fontSize": 16,
                "fontWeight": "bold",
                "textAlign": "center",
                "textTransform": "uppercase",
              }
            }
          >
            Add Data
          </Text>
        </View>
      </View>
      <View
        style={
          Object {
            "bottom": 0,
            "left": 0,
            "opacity": 0,
            "position": "absolute",
            "right": 0,
            "transform": Array [
              Object {
                "translateY": 48,
              },
            ],
            "zIndex": 99,
          }
        }
      />
    </View>
  </RCTScrollView>
</View>
`;
