// Jest Snapshot v1, https://goo.gl/fbAQLP

exports[`renders correctly 1`] = `
<View
  style={
    Object {
      "flex": 1,
      "padding": 10,
    }
  }
>
  <Text>
     Sleep Data 
  </Text>
  <RCTScrollView
    horizontal={true}
    showsHorizontalScrollIndicator={true}
  >
    <View>
      <View
        className="VictoryContainer"
        onMoveShouldSetResponder={[Function]}
        onMoveShouldSetResponderCapture={[Function]}
        onResponderEnd={[Function]}
        onResponderGrant={[Function]}
        onResponderMove={[Function]}
        onResponderReject={[Function]}
        onResponderRelease={[Function]}
        onResponderStart={[Function]}
        onResponderTerminate={[Function]}
        onResponderTerminationRequest={[Function]}
        onStartShouldSetResponder={[Function]}
        onStartShouldSetResponderCapture={[Function]}
        pointerEvents="box-none"
        style={
          Object {
            "position": "relative",
          }
        }
      >
        <RNSVGSvgView
          align="xMidYMid"
          bbHeight={400}
          bbWidth={70}
          focusable={false}
          height={400}
          meetOrSlice={0}
          minX={0}
          minY={0}
          role="img"
          style={
            Array [
              Object {
                "backgroundColor": "transparent",
                "borderWidth": 0,
              },
              Object {
                "height": "100%",
                "width": "100%",
              },
              Object {
                "flex": 0,
                "height": 400,
                "width": 70,
              },
            ]
          }
          vbHeight={400}
          vbWidth={70}
          width={70}
        >
          <RNSVGGroup>
            <RNSVGRect
              fill={null}
              height={400}
              propList={
                Array [
                  "fill",
                ]
              }
              width={70}
              x={0}
              y={0}
            />
            <RNSVGGroup>
              <RNSVGLine
                fill={0}
                propList={
                  Array [
                    "fill",
                    "stroke",
                    "strokeWidth",
                    "strokeLinecap",
                    "strokeLinejoin",
                  ]
                }
                stroke={4287669422}
                strokeLinecap={1}
                strokeLinejoin={1}
                strokeWidth={2}
                vectorEffect={1}
                x1={50}
                x2={20}
                y1={350}
                y2={350}
              />
              <RNSVGGroup>
                <RNSVGLine
                  fill={null}
                  propList={
                    Array [
                      "fill",
                      "stroke",
                      "strokeDasharray",
                      "strokeLinecap",
                      "strokeLinejoin",
                    ]
                  }
                  stroke={4293718001}
                  strokeDasharray={
                    Array [
                      "10",
                      "5",
                    ]
                  }
                  strokeLinecap={1}
                  strokeLinejoin={1}
                  vectorEffect={1}
                  x1={44}
                  x2={44}
                  y1={350}
                  y2={50}
                />
                <RNSVGLine
                  fill={0}
                  propList={
                    Array [
                      "fill",
                      "stroke",
                      "strokeWidth",
                      "strokeLinecap",
                      "strokeLinejoin",
                    ]
                  }
                  stroke={4287669422}
                  strokeLinecap={1}
                  strokeLinejoin={1}
                  strokeWidth={1}
                  vectorEffect={1}
                  x1={44}
                  x2={44}
                  y1={350}
                  y2={355}
                />
                <RNSVGText
                  content={null}
                  dx={
                    Array [
                      0,
                    ]
                  }
                  dy={Array []}
                  font={Object {}}
                  name="chart-axis-0-tickLabels-0"
                  rotate={Array []}
                  x={
                    Array [
                      44,
                    ]
                  }
                  y={
                    Array [
                      373.26,
                    ]
                  }
                >
                  <RNSVGTSpan
                    content="0.2"
                    dx={
                      Array [
                        0,
                      ]
                    }
                    dy={
                      Array [
                        0,
                      ]
                    }
                    fill={4282735204}
                    font={
                      Object {
                        "fontFamily": "Helvetica Neue",
                        "fontSize": 12,
                        "letterSpacing": "normal",
                        "textAnchor": "middle",
                      }
                    }
                    propList={
                      Array [
                        "fill",
                      ]
                    }
                    rotate={Array []}
                    x={
                      Array [
                        44,
                      ]
                    }
                    y={Array []}
                  />
                </RNSVGText>
              </RNSVGGroup>
              <RNSVGGroup>
                <RNSVGLine
                  fill={null}
                  propList={
                    Array [
                      "fill",
                      "stroke",
                      "strokeDasharray",
                      "strokeLinecap",
                      "strokeLinejoin",
                    ]
                  }
                  stroke={4293718001}
                  strokeDasharray={
                    Array [
                      "10",
                      "5",
                    ]
                  }
                  strokeLinecap={1}
                  strokeLinejoin={1}
                  vectorEffect={1}
                  x1={38}
                  x2={38}
                  y1={350}
                  y2={50}
                />
                <RNSVGLine
                  fill={0}
                  propList={
                    Array [
                      "fill",
                      "stroke",
                      "strokeWidth",
                      "strokeLinecap",
                      "strokeLinejoin",
                    ]
                  }
                  stroke={4287669422}
                  strokeLinecap={1}
                  strokeLinejoin={1}
                  strokeWidth={1}
                  vectorEffect={1}
                  x1={38}
                  x2={38}
                  y1={350}
                  y2={355}
                />
                <RNSVGText
                  content={null}
                  dx={
                    Array [
                      0,
                    ]
                  }
                  dy={Array []}
                  font={Object {}}
                  name="chart-axis-0-tickLabels-1"
                  rotate={Array []}
                  x={
                    Array [
                      38,
                    ]
                  }
                  y={
                    Array [
                      373.26,
                    ]
                  }
                >
                  <RNSVGTSpan
                    content="0.4"
                    dx={
                      Array [
                        0,
                      ]
                    }
                    dy={
                      Array [
                        0,
                      ]
                    }
                    fill={4282735204}
                    font={
                      Object {
                        "fontFamily": "Helvetica Neue",
                        "fontSize": 12,
                        "letterSpacing": "normal",
                        "textAnchor": "middle",
                      }
                    }
                    propList={
                      Array [
                        "fill",
                      ]
                    }
                    rotate={Array []}
                    x={
                      Array [
                        38,
                      ]
                    }
                    y={Array []}
                  />
                </RNSVGText>
              </RNSVGGroup>
              <RNSVGGroup>
                <RNSVGLine
                  fill={null}
                  propList={
                    Array [
                      "fill",
                      "stroke",
                      "strokeDasharray",
                      "strokeLinecap",
                      "strokeLinejoin",
                    ]
                  }
                  stroke={4293718001}
                  strokeDasharray={
                    Array [
                      "10",
                      "5",
                    ]
                  }
                  strokeLinecap={1}
                  strokeLinejoin={1}
                  vectorEffect={1}
                  x1={32}
                  x2={32}
                  y1={350}
                  y2={50}
                />
                <RNSVGLine
                  fill={0}
                  propList={
                    Array [
                      "fill",
                      "stroke",
                      "strokeWidth",
                      "strokeLinecap",
                      "strokeLinejoin",
                    ]
                  }
                  stroke={4287669422}
                  strokeLinecap={1}
                  strokeLinejoin={1}
                  strokeWidth={1}
                  vectorEffect={1}
                  x1={32}
                  x2={32}
                  y1={350}
                  y2={355}
                />
                <RNSVGText
                  content={null}
                  dx={
                    Array [
                      0,
                    ]
                  }
                  dy={Array []}
                  font={Object {}}
                  name="chart-axis-0-tickLabels-2"
                  rotate={Array []}
                  x={
                    Array [
                      32,
                    ]
                  }
                  y={
                    Array [
                      373.26,
                    ]
                  }
                >
                  <RNSVGTSpan
                    content="0.6"
                    dx={
                      Array [
                        0,
                      ]
                    }
                    dy={
                      Array [
                        0,
                      ]
                    }
                    fill={4282735204}
                    font={
                      Object {
                        "fontFamily": "Helvetica Neue",
                        "fontSize": 12,
                        "letterSpacing": "normal",
                        "textAnchor": "middle",
                      }
                    }
                    propList={
                      Array [
                        "fill",
                      ]
                    }
                    rotate={Array []}
                    x={
                      Array [
                        32,
                      ]
                    }
                    y={Array []}
                  />
                </RNSVGText>
              </RNSVGGroup>
              <RNSVGGroup>
                <RNSVGLine
                  fill={null}
                  propList={
                    Array [
                      "fill",
                      "stroke",
                      "strokeDasharray",
                      "strokeLinecap",
                      "strokeLinejoin",
                    ]
                  }
                  stroke={4293718001}
                  strokeDasharray={
                    Array [
                      "10",
                      "5",
                    ]
                  }
                  strokeLinecap={1}
                  strokeLinejoin={1}
                  vectorEffect={1}
                  x1={26}
                  x2={26}
                  y1={350}
                  y2={50}
                />
                <RNSVGLine
                  fill={0}
                  propList={
                    Array [
                      "fill",
                      "stroke",
                      "strokeWidth",
                      "strokeLinecap",
                      "strokeLinejoin",
                    ]
                  }
                  stroke={4287669422}
                  strokeLinecap={1}
                  strokeLinejoin={1}
                  strokeWidth={1}
                  vectorEffect={1}
                  x1={26}
                  x2={26}
                  y1={350}
                  y2={355}
                />
                <RNSVGText
                  content={null}
                  dx={
                    Array [
                      0,
                    ]
                  }
                  dy={Array []}
                  font={Object {}}
                  name="chart-axis-0-tickLabels-3"
                  rotate={Array []}
                  x={
                    Array [
                      26,
                    ]
                  }
                  y={
                    Array [
                      373.26,
                    ]
                  }
                >
                  <RNSVGTSpan
                    content="0.8"
                    dx={
                      Array [
                        0,
                      ]
                    }
                    dy={
                      Array [
                        0,
                      ]
                    }
                    fill={4282735204}
                    font={
                      Object {
                        "fontFamily": "Helvetica Neue",
                        "fontSize": 12,
                        "letterSpacing": "normal",
                        "textAnchor": "middle",
                      }
                    }
                    propList={
                      Array [
                        "fill",
                      ]
                    }
                    rotate={Array []}
                    x={
                      Array [
                        26,
                      ]
                    }
                    y={Array []}
                  />
                </RNSVGText>
              </RNSVGGroup>
              <RNSVGGroup>
                <RNSVGLine
                  fill={null}
                  propList={
                    Array [
                      "fill",
                      "stroke",
                      "strokeDasharray",
                      "strokeLinecap",
                      "strokeLinejoin",
                    ]
                  }
                  stroke={4293718001}
                  strokeDasharray={
                    Array [
                      "10",
                      "5",
                    ]
                  }
                  strokeLinecap={1}
                  strokeLinejoin={1}
                  vectorEffect={1}
                  x1={20}
                  x2={20}
                  y1={350}
                  y2={50}
                />
                <RNSVGLine
                  fill={0}
                  propList={
                    Array [
                      "fill",
                      "stroke",
                      "strokeWidth",
                      "strokeLinecap",
                      "strokeLinejoin",
                    ]
                  }
                  stroke={4287669422}
                  strokeLinecap={1}
                  strokeLinejoin={1}
                  strokeWidth={1}
                  vectorEffect={1}
                  x1={20}
                  x2={20}
                  y1={350}
                  y2={355}
                />
                <RNSVGText
                  content={null}
                  dx={
                    Array [
                      0,
                    ]
                  }
                  dy={Array []}
                  font={Object {}}
                  name="chart-axis-0-tickLabels-4"
                  rotate={Array []}
                  x={
                    Array [
                      20,
                    ]
                  }
                  y={
                    Array [
                      373.26,
                    ]
                  }
                >
                  <RNSVGTSpan
                    content="1.0"
                    dx={
                      Array [
                        0,
                      ]
                    }
                    dy={
                      Array [
                        0,
                      ]
                    }
                    fill={4282735204}
                    font={
                      Object {
                        "fontFamily": "Helvetica Neue",
                        "fontSize": 12,
                        "letterSpacing": "normal",
                        "textAnchor": "middle",
                      }
                    }
                    propList={
                      Array [
                        "fill",
                      ]
                    }
                    rotate={Array []}
                    x={
                      Array [
                        20,
                      ]
                    }
                    y={Array []}
                  />
                </RNSVGText>
              </RNSVGGroup>
            </RNSVGGroup>
            <RNSVGGroup>
              <RNSVGLine
                fill={0}
                propList={
                  Array [
                    "fill",
                    "stroke",
                    "strokeWidth",
                    "strokeLinecap",
                    "strokeLinejoin",
                  ]
                }
                stroke={4287669422}
                strokeLinecap={1}
                strokeLinejoin={1}
                strokeWidth={2}
                vectorEffect={1}
                x1={50}
                x2={50}
                y1={50}
                y2={350}
              />
              <RNSVGGroup>
                <RNSVGLine
                  fill={null}
                  propList={
                    Array [
                      "fill",
                      "stroke",
                      "strokeDasharray",
                      "strokeLinecap",
                      "strokeLinejoin",
                    ]
                  }
                  stroke={4293718001}
                  strokeDasharray={
                    Array [
                      "10",
                      "5",
                    ]
                  }
                  strokeLinecap={1}
                  strokeLinejoin={1}
                  vectorEffect={1}
                  x1={50}
                  x2={20}
                  y1={300}
                  y2={300}
                />
                <RNSVGLine
                  fill={0}
                  propList={
                    Array [
                      "fill",
                      "stroke",
                      "strokeWidth",
                      "strokeLinecap",
                      "strokeLinejoin",
                    ]
                  }
                  stroke={4287669422}
                  strokeLinecap={1}
                  strokeLinejoin={1}
                  strokeWidth={1}
                  vectorEffect={1}
                  x1={50}
                  x2={45}
                  y1={300}
                  y2={300}
                />
                <RNSVGText
                  content={null}
                  dx={
                    Array [
                      0,
                    ]
                  }
                  dy={Array []}
                  font={Object {}}
                  name="chart-axis-1-tickLabels-0"
                  rotate={Array []}
                  x={
                    Array [
                      37,
                    ]
                  }
                  y={
                    Array [
                      304.26,
                    ]
                  }
                >
                  <RNSVGTSpan
                    content="2"
                    dx={
                      Array [
                        0,
                      ]
                    }
                    dy={
                      Array [
                        0,
                      ]
                    }
                    fill={4282735204}
                    font={
                      Object {
                        "fontFamily": "Helvetica Neue",
                        "fontSize": 12,
                        "letterSpacing": "normal",
                        "textAnchor": "end",
                      }
                    }
                    propList={
                      Array [
                        "fill",
                      ]
                    }
                    rotate={Array []}
                    x={
                      Array [
                        37,
                      ]
                    }
                    y={Array []}
                  />
                </RNSVGText>
              </RNSVGGroup>
              <RNSVGGroup>
                <RNSVGLine
                  fill={null}
                  propList={
                    Array [
                      "fill",
                      "stroke",
                      "strokeDasharray",
                      "strokeLinecap",
                      "strokeLinejoin",
                    ]
                  }
                  stroke={4293718001}
                  strokeDasharray={
                    Array [
                      "10",
                      "5",
                    ]
                  }
                  strokeLinecap={1}
                  strokeLinejoin={1}
                  vectorEffect={1}
                  x1={50}
                  x2={20}
                  y1={250.00000000000003}
                  y2={250.00000000000003}
                />
                <RNSVGLine
                  fill={0}
                  propList={
                    Array [
                      "fill",
                      "stroke",
                      "strokeWidth",
                      "strokeLinecap",
                      "strokeLinejoin",
                    ]
                  }
                  stroke={4287669422}
                  strokeLinecap={1}
                  strokeLinejoin={1}
                  strokeWidth={1}
                  vectorEffect={1}
                  x1={50}
                  x2={45}
                  y1={250.00000000000003}
                  y2={250.00000000000003}
                />
                <RNSVGText
                  content={null}
                  dx={
                    Array [
                      0,
                    ]
                  }
                  dy={Array []}
                  font={Object {}}
                  name="chart-axis-1-tickLabels-1"
                  rotate={Array []}
                  x={
                    Array [
                      37,
                    ]
                  }
                  y={
                    Array [
                      254.26000000000002,
                    ]
                  }
                >
                  <RNSVGTSpan
                    content="4"
                    dx={
                      Array [
                        0,
                      ]
                    }
                    dy={
                      Array [
                        0,
                      ]
                    }
                    fill={4282735204}
                    font={
                      Object {
                        "fontFamily": "Helvetica Neue",
                        "fontSize": 12,
                        "letterSpacing": "normal",
                        "textAnchor": "end",
                      }
                    }
                    propList={
                      Array [
                        "fill",
                      ]
                    }
                    rotate={Array []}
                    x={
                      Array [
                        37,
                      ]
                    }
                    y={Array []}
                  />
                </RNSVGText>
              </RNSVGGroup>
              <RNSVGGroup>
                <RNSVGLine
                  fill={null}
                  propList={
                    Array [
                      "fill",
                      "stroke",
                      "strokeDasharray",
                      "strokeLinecap",
                      "strokeLinejoin",
                    ]
                  }
                  stroke={4293718001}
                  strokeDasharray={
                    Array [
                      "10",
                      "5",
                    ]
                  }
                  strokeLinecap={1}
                  strokeLinejoin={1}
                  vectorEffect={1}
                  x1={50}
                  x2={20}
                  y1={200}
                  y2={200}
                />
                <RNSVGLine
                  fill={0}
                  propList={
                    Array [
                      "fill",
                      "stroke",
                      "strokeWidth",
                      "strokeLinecap",
                      "strokeLinejoin",
                    ]
                  }
                  stroke={4287669422}
                  strokeLinecap={1}
                  strokeLinejoin={1}
                  strokeWidth={1}
                  vectorEffect={1}
                  x1={50}
                  x2={45}
                  y1={200}
                  y2={200}
                />
                <RNSVGText
                  content={null}
                  dx={
                    Array [
                      0,
                    ]
                  }
                  dy={Array []}
                  font={Object {}}
                  name="chart-axis-1-tickLabels-2"
                  rotate={Array []}
                  x={
                    Array [
                      37,
                    ]
                  }
                  y={
                    Array [
                      204.26,
                    ]
                  }
                >
                  <RNSVGTSpan
                    content="6"
                    dx={
                      Array [
                        0,
                      ]
                    }
                    dy={
                      Array [
                        0,
                      ]
                    }
                    fill={4282735204}
                    font={
                      Object {
                        "fontFamily": "Helvetica Neue",
                        "fontSize": 12,
                        "letterSpacing": "normal",
                        "textAnchor": "end",
                      }
                    }
                    propList={
                      Array [
                        "fill",
                      ]
                    }
                    rotate={Array []}
                    x={
                      Array [
                        37,
                      ]
                    }
                    y={Array []}
                  />
                </RNSVGText>
              </RNSVGGroup>
              <RNSVGGroup>
                <RNSVGLine
                  fill={null}
                  propList={
                    Array [
                      "fill",
                      "stroke",
                      "strokeDasharray",
                      "strokeLinecap",
                      "strokeLinejoin",
                    ]
                  }
                  stroke={4293718001}
                  strokeDasharray={
                    Array [
                      "10",
                      "5",
                    ]
                  }
                  strokeLinecap={1}
                  strokeLinejoin={1}
                  vectorEffect={1}
                  x1={50}
                  x2={20}
                  y1={150}
                  y2={150}
                />
                <RNSVGLine
                  fill={0}
                  propList={
                    Array [
                      "fill",
                      "stroke",
                      "strokeWidth",
                      "strokeLinecap",
                      "strokeLinejoin",
                    ]
                  }
                  stroke={4287669422}
                  strokeLinecap={1}
                  strokeLinejoin={1}
                  strokeWidth={1}
                  vectorEffect={1}
                  x1={50}
                  x2={45}
                  y1={150}
                  y2={150}
                />
                <RNSVGText
                  content={null}
                  dx={
                    Array [
                      0,
                    ]
                  }
                  dy={Array []}
                  font={Object {}}
                  name="chart-axis-1-tickLabels-3"
                  rotate={Array []}
                  x={
                    Array [
                      37,
                    ]
                  }
                  y={
                    Array [
                      154.26,
                    ]
                  }
                >
                  <RNSVGTSpan
                    content="8"
                    dx={
                      Array [
                        0,
                      ]
                    }
                    dy={
                      Array [
                        0,
                      ]
                    }
                    fill={4282735204}
                    font={
                      Object {
                        "fontFamily": "Helvetica Neue",
                        "fontSize": 12,
                        "letterSpacing": "normal",
                        "textAnchor": "end",
                      }
                    }
                    propList={
                      Array [
                        "fill",
                      ]
                    }
                    rotate={Array []}
                    x={
                      Array [
                        37,
                      ]
                    }
                    y={Array []}
                  />
                </RNSVGText>
              </RNSVGGroup>
              <RNSVGGroup>
                <RNSVGLine
                  fill={null}
                  propList={
                    Array [
                      "fill",
                      "stroke",
                      "strokeDasharray",
                      "strokeLinecap",
                      "strokeLinejoin",
                    ]
                  }
                  stroke={4293718001}
                  strokeDasharray={
                    Array [
                      "10",
                      "5",
                    ]
                  }
                  strokeLinecap={1}
                  strokeLinejoin={1}
                  vectorEffect={1}
                  x1={50}
                  x2={20}
                  y1={100}
                  y2={100}
                />
                <RNSVGLine
                  fill={0}
                  propList={
                    Array [
                      "fill",
                      "stroke",
                      "strokeWidth",
                      "strokeLinecap",
                      "strokeLinejoin",
                    ]
                  }
                  stroke={4287669422}
                  strokeLinecap={1}
                  strokeLinejoin={1}
                  strokeWidth={1}
                  vectorEffect={1}
                  x1={50}
                  x2={45}
                  y1={100}
                  y2={100}
                />
                <RNSVGText
                  content={null}
                  dx={
                    Array [
                      0,
                    ]
                  }
                  dy={Array []}
                  font={Object {}}
                  name="chart-axis-1-tickLabels-4"
                  rotate={Array []}
                  x={
                    Array [
                      37,
                    ]
                  }
                  y={
                    Array [
                      104.26,
                    ]
                  }
                >
                  <RNSVGTSpan
                    content="10"
                    dx={
                      Array [
                        0,
                      ]
                    }
                    dy={
                      Array [
                        0,
                      ]
                    }
                    fill={4282735204}
                    font={
                      Object {
                        "fontFamily": "Helvetica Neue",
                        "fontSize": 12,
                        "letterSpacing": "normal",
                        "textAnchor": "end",
                      }
                    }
                    propList={
                      Array [
                        "fill",
                      ]
                    }
                    rotate={Array []}
                    x={
                      Array [
                        37,
                      ]
                    }
                    y={Array []}
                  />
                </RNSVGText>
              </RNSVGGroup>
              <RNSVGGroup>
                <RNSVGLine
                  fill={null}
                  propList={
                    Array [
                      "fill",
                      "stroke",
                      "strokeDasharray",
                      "strokeLinecap",
                      "strokeLinejoin",
                    ]
                  }
                  stroke={4293718001}
                  strokeDasharray={
                    Array [
                      "10",
                      "5",
                    ]
                  }
                  strokeLinecap={1}
                  strokeLinejoin={1}
                  vectorEffect={1}
                  x1={50}
                  x2={20}
                  y1={50}
                  y2={50}
                />
                <RNSVGLine
                  fill={0}
                  propList={
                    Array [
                      "fill",
                      "stroke",
                      "strokeWidth",
                      "strokeLinecap",
                      "strokeLinejoin",
                    ]
                  }
                  stroke={4287669422}
                  strokeLinecap={1}
                  strokeLinejoin={1}
                  strokeWidth={1}
                  vectorEffect={1}
                  x1={50}
                  x2={45}
                  y1={50}
                  y2={50}
                />
                <RNSVGText
                  content={null}
                  dx={
                    Array [
                      0,
                    ]
                  }
                  dy={Array []}
                  font={Object {}}
                  name="chart-axis-1-tickLabels-5"
                  rotate={Array []}
                  x={
                    Array [
                      37,
                    ]
                  }
                  y={
                    Array [
                      54.26,
                    ]
                  }
                >
                  <RNSVGTSpan
                    content="12"
                    dx={
                      Array [
                        0,
                      ]
                    }
                    dy={
                      Array [
                        0,
                      ]
                    }
                    fill={4282735204}
                    font={
                      Object {
                        "fontFamily": "Helvetica Neue",
                        "fontSize": 12,
                        "letterSpacing": "normal",
                        "textAnchor": "end",
                      }
                    }
                    propList={
                      Array [
                        "fill",
                      ]
                    }
                    rotate={Array []}
                    x={
                      Array [
                        37,
                      ]
                    }
                    y={Array []}
                  />
                </RNSVGText>
              </RNSVGGroup>
            </RNSVGGroup>
            <RNSVGGroup>
              <RNSVGRect
                fill={null}
                height={50.980000000000004}
                propList={
                  Array [
                    "fill",
                  ]
                }
                vectorEffect={1}
                width={472.67499999999995}
                x={0}
                y={0}
              />
              <RNSVGPath
                d="M 12, 36.49
      m -4.8, 0
      a 4.8, 4.8 0 1,0 9.6,0
      a 4.8, 4.8 0 1,0 -9.6,0"
                fill={4278190080}
                propList={
                  Array [
                    "fill",
                  ]
                }
              />
              <RNSVGPath
                d="M 108.90624999999999, 36.49
      m -4.8, 0
      a 4.8, 4.8 0 1,0 9.6,0
      a 4.8, 4.8 0 1,0 -9.6,0"
                fill={4278190335}
                propList={
                  Array [
                    "fill",
                  ]
                }
              />
              <RNSVGPath
                d="M 229.64374999999998, 36.49
      m -4.8, 0
      a 4.8, 4.8 0 1,0 9.6,0
      a 4.8, 4.8 0 1,0 -9.6,0"
                fill={4294901760}
                propList={
                  Array [
                    "fill",
                  ]
                }
              />
              <RNSVGPath
                d="M 348.58124999999995, 36.49
      m -4.8, 0
      a 4.8, 4.8 0 1,0 9.6,0
      a 4.8, 4.8 0 1,0 -9.6,0"
                fill={4278255360}
                propList={
                  Array [
                    "fill",
                  ]
                }
              />
              <RNSVGText
                content={null}
                dx={
                  Array [
                    0,
                  ]
                }
                dy={Array []}
                font={Object {}}
                name="chart-legend-2-title-all"
                rotate={Array []}
                x={
                  Array [
                    236.33749999999998,
                  ]
                }
                y={
                  Array [
                    15.26,
                  ]
                }
              >
                <RNSVGTSpan
                  content="Legend"
                  dx={
                    Array [
                      0,
                    ]
                  }
                  dy={
                    Array [
                      0,
                    ]
                  }
                  fill={4282735204}
                  font={
                    Object {
                      "fontFamily": "Helvetica Neue",
                      "fontSize": 12,
                      "letterSpacing": "normal",
                      "textAnchor": "middle",
                    }
                  }
                  propList={
                    Array [
                      "fill",
                    ]
                  }
                  rotate={Array []}
                  x={
                    Array [
                      236.33749999999998,
                    ]
                  }
                  y={Array []}
                />
              </RNSVGText>
              <RNSVGText
                content={null}
                dx={
                  Array [
                    0,
                  ]
                }
                dy={Array []}
                font={Object {}}
                name="chart-legend-2-labels-0"
                rotate={Array []}
                x={
                  Array [
                    26.4,
                  ]
                }
                y={
                  Array [
                    40.75,
                  ]
                }
              >
                <RNSVGTSpan
                  content="Hours in Bed"
                  dx={
                    Array [
                      0,
                    ]
                  }
                  dy={
                    Array [
                      0,
                    ]
                  }
                  fill={4282735204}
                  font={
                    Object {
                      "fontFamily": "Helvetica Neue",
                      "fontSize": 12,
                      "letterSpacing": "normal",
                      "textAnchor": "start",
                    }
                  }
                  propList={
                    Array [
                      "fill",
                    ]
                  }
                  rotate={Array []}
                  x={
                    Array [
                      26.4,
                    ]
                  }
                  y={Array []}
                />
              </RNSVGText>
              <RNSVGText
                content={null}
                dx={
                  Array [
                    0,
                  ]
                }
                dy={Array []}
                font={Object {}}
                name="chart-legend-2-labels-1"
                rotate={Array []}
                x={
                  Array [
                    123.30624999999999,
                  ]
                }
                y={
                  Array [
                    40.75,
                  ]
                }
              >
                <RNSVGTSpan
                  content="Hours Until Sleep"
                  dx={
                    Array [
                      0,
                    ]
                  }
                  dy={
                    Array [
                      0,
                    ]
                  }
                  fill={4282735204}
                  font={
                    Object {
                      "fontFamily": "Helvetica Neue",
                      "fontSize": 12,
                      "letterSpacing": "normal",
                      "textAnchor": "start",
                    }
                  }
                  propList={
                    Array [
                      "fill",
                    ]
                  }
                  rotate={Array []}
                  x={
                    Array [
                      123.30624999999999,
                    ]
                  }
                  y={Array []}
                />
              </RNSVGText>
              <RNSVGText
                content={null}
                dx={
                  Array [
                    0,
                  ]
                }
                dy={Array []}
                font={Object {}}
                name="chart-legend-2-labels-2"
                rotate={Array []}
                x={
                  Array [
                    244.04375,
                  ]
                }
                y={
                  Array [
                    40.75,
                  ]
                }
              >
                <RNSVGTSpan
                  content="Times Woken Up"
                  dx={
                    Array [
                      0,
                    ]
                  }
                  dy={
                    Array [
                      0,
                    ]
                  }
                  fill={4282735204}
                  font={
                    Object {
                      "fontFamily": "Helvetica Neue",
                      "fontSize": 12,
                      "letterSpacing": "normal",
                      "textAnchor": "start",
                    }
                  }
                  propList={
                    Array [
                      "fill",
                    ]
                  }
                  rotate={Array []}
                  x={
                    Array [
                      244.04375,
                    ]
                  }
                  y={Array []}
                />
              </RNSVGText>
              <RNSVGText
                content={null}
                dx={
                  Array [
                    0,
                  ]
                }
                dy={Array []}
                font={Object {}}
                name="chart-legend-2-labels-3"
                rotate={Array []}
                x={
                  Array [
                    362.98124999999993,
                  ]
                }
                y={
                  Array [
                    40.75,
                  ]
                }
              >
                <RNSVGTSpan
                  content="Sleep Quality Rating"
                  dx={
                    Array [
                      0,
                    ]
                  }
                  dy={
                    Array [
                      0,
                    ]
                  }
                  fill={4282735204}
                  font={
                    Object {
                      "fontFamily": "Helvetica Neue",
                      "fontSize": 12,
                      "letterSpacing": "normal",
                      "textAnchor": "start",
                    }
                  }
                  propList={
                    Array [
                      "fill",
                    ]
                  }
                  rotate={Array []}
                  x={
                    Array [
                      362.98124999999993,
                    ]
                  }
                  y={Array []}
                />
              </RNSVGText>
            </RNSVGGroup>
            <RNSVGGroup>
              <RNSVGGroup
                clipPath="victory-clip-2"
              >
                <RNSVGGroup>
                  <RNSVGDefs>
                    <RNSVGClipPath
                      name="victory-clip-2"
                    >
                      <RNSVGRect
                        height={300}
                        vectorEffect={1}
                        width={30}
                        x={20}
                        y={50}
                      />
                    </RNSVGClipPath>
                  </RNSVGDefs>
                </RNSVGGroup>
                <RNSVGPath
                  d={null}
                  fill={null}
                  opacity={1}
                  propList={
                    Array [
                      "fill",
                      "stroke",
                      "strokeWidth",
                    ]
                  }
                  stroke={4278190080}
                  strokeWidth={2}
                />
              </RNSVGGroup>
              <RNSVGGroup />
            </RNSVGGroup>
            <RNSVGGroup>
              <RNSVGGroup
                clipPath="victory-clip-3"
              >
                <RNSVGGroup>
                  <RNSVGDefs>
                    <RNSVGClipPath
                      name="victory-clip-3"
                    >
                      <RNSVGRect
                        height={300}
                        vectorEffect={1}
                        width={30}
                        x={20}
                        y={50}
                      />
                    </RNSVGClipPath>
                  </RNSVGDefs>
                </RNSVGGroup>
                <RNSVGPath
                  d={null}
                  fill={null}
                  opacity={1}
                  propList={
                    Array [
                      "fill",
                      "stroke",
                      "strokeWidth",
                    ]
                  }
                  stroke={4278190335}
                  strokeWidth={2}
                />
              </RNSVGGroup>
              <RNSVGGroup />
            </RNSVGGroup>
            <RNSVGGroup>
              <RNSVGGroup
                clipPath="victory-clip-4"
              >
                <RNSVGGroup>
                  <RNSVGDefs>
                    <RNSVGClipPath
                      name="victory-clip-4"
                    >
                      <RNSVGRect
                        height={300}
                        vectorEffect={1}
                        width={30}
                        x={20}
                        y={50}
                      />
                    </RNSVGClipPath>
                  </RNSVGDefs>
                </RNSVGGroup>
                <RNSVGPath
                  d={null}
                  fill={null}
                  opacity={1}
                  propList={
                    Array [
                      "fill",
                      "stroke",
                      "strokeWidth",
                    ]
                  }
                  stroke={4294901760}
                  strokeWidth={2}
                />
              </RNSVGGroup>
              <RNSVGGroup />
            </RNSVGGroup>
            <RNSVGGroup>
              <RNSVGGroup
                clipPath="victory-clip-5"
              >
                <RNSVGGroup>
                  <RNSVGDefs>
                    <RNSVGClipPath
                      name="victory-clip-5"
                    >
                      <RNSVGRect
                        height={300}
                        vectorEffect={1}
                        width={30}
                        x={20}
                        y={50}
                      />
                    </RNSVGClipPath>
                  </RNSVGDefs>
                </RNSVGGroup>
                <RNSVGPath
                  d={null}
                  fill={null}
                  opacity={1}
                  propList={
                    Array [
                      "fill",
                      "stroke",
                      "strokeWidth",
                    ]
                  }
                  stroke={4278255360}
                  strokeWidth={2}
                />
              </RNSVGGroup>
              <RNSVGGroup />
            </RNSVGGroup>
          </RNSVGGroup>
        </RNSVGSvgView>
        <View
          pointerEvents="box-none"
          style={
            Object {
              "left": 0,
              "position": "absolute",
              "top": 0,
              "zIndex": 99,
            }
          }
        >
          <RNSVGSvgView
            align="xMidYMid"
            bbHeight={400}
            bbWidth={70}
            focusable={false}
            height={400}
            meetOrSlice={0}
            minX={0}
            minY={0}
            style={
              Array [
                Object {
                  "backgroundColor": "transparent",
                  "borderWidth": 0,
                },
                Object {
                  "height": "100%",
                  "overflow": "visible",
                  "width": "100%",
                },
                Object {
                  "flex": 0,
                  "height": 400,
                  "width": 70,
                },
              ]
            }
            vbHeight={400}
            vbWidth={70}
            width={70}
          >
            <RNSVGGroup />
          </RNSVGSvgView>
        </View>
      </View>
    </View>
  </RCTScrollView>
</View>
`;
